
{"time":"2026-05-23T12:11:41.839Z","type":"provision","message":"Created oauth-api","meta":{"owner":"sk@example.com","env":"dev"}}
{"time":"2026-05-24T04:09:01.161Z","type":"provision","message":"Created payment-api","meta":{"owner":"dev@example.com","env":"dev"}}
{"time":"2026-05-24T04:21:53.583Z","type":"provision","message":"Created test-api","meta":{"owner":"test@example.com","env":"dev"}}
{"time":"2026-05-24T04:44:46.498Z","type":"delete","message":"Deleted oauth-api","meta":{"service":"oauth-api"}}
{"time":"2026-05-24T04:44:48.670Z","type":"delete","message":"Deleted payment-api","meta":{"service":"payment-api"}}
{"time":"2026-05-24T04:46:09.094Z","type":"provision","message":"Created oauth-api","meta":{"owner":"dev@example.com","env":"dev"}}
{"time":"2026-05-24T04:51:18.835Z","type":"delete","message":"Deleted oauth-api","meta":{"service":"oauth-api"}}
{"time":"2026-05-24T04:51:46.962Z","type":"provision","message":"Created oauth-api","meta":{"owner":"dev@example.com","env":"dev"}}
{"time":"2026-05-24T05:01:24.125Z","type":"delete","message":"Deleted oauth-api","meta":{"service":"oauth-api"}}
{"time":"2026-05-24T05:01:36.536Z","type":"provision","message":"Created oauth-api","meta":{"owner":"dev@example.com","env":"dev"}}
{"time":"2026-05-24T05:01:43.671Z","type":"delete","message":"Deleted oauth-api","meta":{"service":"oauth-api"}}
{"time":"2026-05-24T05:01:51.948Z","type":"provision","message":"Created oauth-api","meta":{"owner":"dev@example.com","env":"dev"}}
{"time":"2026-05-24T05:23:03.047Z","type":"delete","message":"Deleted oauth-api","meta":{"service":"oauth-api"}}
{"time":"2026-05-24T05:23:27.071Z","type":"provision","message":"Created payment-api","meta":{"owner":"dev@example.com","env":"dev"}}
{"time":"2026-05-24T05:30:04.791Z","type":"aws-url","message":"Updated AWS URL for payment-api","meta":{"awsUrl":"http://43.205.206.134"}}
{"time":"2026-05-24T05:38:37.990Z","type":"provision","message":"Created payment-api","meta":{"owner":"dev@example.com","env":"dev"}}
{"time":"2026-05-24T05:40:37.233Z","type":"delete","message":"Deleted payment-api","meta":{"service":"payment-api"}}
{"time":"2026-05-24T05:40:56.914Z","type":"provision","message":"Created payment-api","meta":{"owner":"dev@example.com","env":"dev"}}
{"time":"2026-05-24T05:41:52.367Z","type":"delete","message":"Deleted payment-api","meta":{"service":"payment-api"}}
{"time":"2026-05-24T05:42:25.880Z","type":"provision","message":"Created payment-api","meta":{"owner":"dev@example.com","env":"dev"}}
{"time":"2026-05-24T05:44:05.441Z","type":"aws-url","message":"Updated AWS URL for payment-api","meta":{"awsUrl":"http://51.20.191.160"}}
{"time":"2026-05-24T05:45:48.884Z","type":"provision","message":"Created oauth-api","meta":{"owner":"dev2@example.com","env":"dev"}}
{"time":"2026-05-24T05:47:34.563Z","type":"aws-url","message":"Updated AWS URL for oauth-api","meta":{"awsUrl":"http://13.60.236.162"}}
{"time":"2026-05-24T05:48:33.695Z","type":"delete","message":"Deleted oauth-api","meta":{"service":"oauth-api"}}
{"time":"2026-05-24T06:00:01.575Z","type":"delete","message":"Deleted payment-api","meta":{"service":"payment-api"}}
{"time":"2026-05-24T06:07:17.537Z","type":"provision","message":"Created payment-api","meta":{"owner":"dev@example.com","env":"dev"}}
{"time":"2026-05-24T06:08:58.181Z","type":"aws-url","message":"Updated AWS URL for payment-api","meta":{"awsUrl":"http://13.61.22.212"}}
{"time":"2026-05-24T06:11:05.883Z","type":"delete","message":"Deleted payment-api","meta":{"service":"payment-api"}}
